[news.ycombinator.com/index.html]
[news.ycombinator.com/news2ba6.css]
[news.ycombinator.com/favicon.ico]
[backblue.gif]
[fade.gif]
[index.html]
[news.ycombinator.com/rss]
[news.ycombinator.com/y18.gif]
[news.ycombinator.com/news.html]
[news.ycombinator.com/newest.html]
[news.ycombinator.com/front.html]
[news.ycombinator.com/newcomments.html]
[news.ycombinator.com/ask.html]
[news.ycombinator.com/jobs.html]
[news.ycombinator.com/fromef50.html]
[news.ycombinator.com/usera65b.html]
[news.ycombinator.com/item5210.html]
[news.ycombinator.com/from2780.html]
[news.ycombinator.com/user545c.html]
[news.ycombinator.com/item12f7.html]
[news.ycombinator.com/fromee2c.html]
[news.ycombinator.com/userd115.html]
[news.ycombinator.com/itemfe42.html]
[news.ycombinator.com/from63f2.html]
[news.ycombinator.com/userb1c6.html]
[news.ycombinator.com/itemb9db.html]
[news.ycombinator.com/itemdb7f.html]
[news.ycombinator.com/userd028.html]
[news.ycombinator.com/s.gif]
[news.ycombinator.com/fromf4bf.html]
[news.ycombinator.com/item0ad1.html]
[news.ycombinator.com/from7093.html]
[news.ycombinator.com/user48a4.html]
[news.ycombinator.com/item7910.html]
[news.ycombinator.com/froma7af.html]
[news.ycombinator.com/userf689.html]
[news.ycombinator.com/item986e.html]
[news.ycombinator.com/usered29.html]
[news.ycombinator.com/iteme86b.html]
[news.ycombinator.com/from8b0a.html]
[news.ycombinator.com/userc136.html]
[news.ycombinator.com/itema54c.html]
[news.ycombinator.com/user5188.html]
[news.ycombinator.com/item7aa9.html]
[news.ycombinator.com/from236a.html]
[news.ycombinator.com/userd716.html]
[news.ycombinator.com/item1338.html]
[news.ycombinator.com/fromb18e.html]
[news.ycombinator.com/user1194.html]
[news.ycombinator.com/iteme14b.html]
[news.ycombinator.com/fromc7cd.html]
[news.ycombinator.com/userb943.html]
[news.ycombinator.com/item47a8.html]
[news.ycombinator.com/from385f.html]
[news.ycombinator.com/useraee4.html]
[news.ycombinator.com/item976a.html]
[news.ycombinator.com/from18fc.html]
[news.ycombinator.com/user8ca9.html]
[news.ycombinator.com/item2060.html]
[news.ycombinator.com/fromd550.html]
[news.ycombinator.com/user760d.html]
[news.ycombinator.com/item7df0.html]
[news.ycombinator.com/fromd1ba.html]
[news.ycombinator.com/userb060.html]
[news.ycombinator.com/item9f1a.html]
[news.ycombinator.com/from1ce0.html]
[news.ycombinator.com/user0ae5.html]
[news.ycombinator.com/item2b62.html]
[news.ycombinator.com/hide30bb.html]
[news.ycombinator.com/fromea5b.html]
[news.ycombinator.com/user327e.html]
[news.ycombinator.com/itemf3bf.html]
[news.ycombinator.com/from813c.html]
[news.ycombinator.com/usera4c3.html]
[news.ycombinator.com/item239b.html]
[news.ycombinator.com/fromdc30.html]
[news.ycombinator.com/usere727.html]
[news.ycombinator.com/itemab8c.html]
[news.ycombinator.com/frome6e4.html]
[news.ycombinator.com/user6f70.html]
[news.ycombinator.com/item84b8.html]
[news.ycombinator.com/from55cf.html]
[news.ycombinator.com/user6a17.html]
[news.ycombinator.com/item0f0d.html]
[news.ycombinator.com/item7ab8.html]
[news.ycombinator.com/itemb60f.html]
[news.ycombinator.com/item5710.html]
[news.ycombinator.com/itemfeef.html]
[news.ycombinator.com/item7112.html]
[news.ycombinator.com/newsguidelines.html]
[news.ycombinator.com/newsfaq.html]
[news.ycombinator.com/security.html]
[news.ycombinator.com/index905b.html]
[news.ycombinator.com/index.html]
[news.ycombinator.com/hn2ba6.js]
[news.ycombinator.com/grayarrow.gif]
[news.ycombinator.com/grayarrow2x.gif]
[news.ycombinator.com/news2ba6.css]
[news.ycombinator.com/news.html]
[news.ycombinator.com/news905b.html]
[news.ycombinator.com/item0ce2.html]
[news.ycombinator.com/item4e06.html]
[news.ycombinator.com/item43f4.html]
[news.ycombinator.com/item02e9.html]
[news.ycombinator.com/item0c62.html]
[news.ycombinator.com/newest.html]
[news.ycombinator.com/frontde2b.html]
[news.ycombinator.com/item8b5f.html]
[news.ycombinator.com/itema6b4.html]
[news.ycombinator.com/item18f2.html]
[news.ycombinator.com/itemcc21.html]
[news.ycombinator.com/item3ab7.html]
[news.ycombinator.com/itemf949.html]
[news.ycombinator.com/item9c61.html]
[news.ycombinator.com/front.html]
[news.ycombinator.com/item060d.html]
[news.ycombinator.com/item230a.html]
[news.ycombinator.com/item920c.html]
[news.ycombinator.com/itemc728.html]
[news.ycombinator.com/item2837.html]
[news.ycombinator.com/newcomments.html]
[news.ycombinator.com/item043a.html]
[news.ycombinator.com/itema533.html]
[news.ycombinator.com/ask.html]
[news.ycombinator.com/show.html]
[news.ycombinator.com/jobs.html]
[news.ycombinator.com/submit.html]
[news.ycombinator.com/logina976.html]
[news.ycombinator.com/fromef50.html]
[news.ycombinator.com/usera65b.html]
[news.ycombinator.com/item5210.html]
[news.ycombinator.com/hide9a8f.html]
[news.ycombinator.com/usere149.html]
[news.ycombinator.com/from2780.html]
[news.ycombinator.com/user545c.html]
[news.ycombinator.com/item12f7.html]
[news.ycombinator.com/hide3811.html]
[news.ycombinator.com/fromee2c.html]
[news.ycombinator.com/userd115.html]
[news.ycombinator.com/itemfe42.html]
[news.ycombinator.com/hided653.html]
[news.ycombinator.com/from63f2.html]
[news.ycombinator.com/userb1c6.html]
[live-patreon-blog.pantheonsite.io/wp-content/uploads/2022/05/Respondent-Interest-in-Crypto-Payments.jpg]
[news.ycombinator.com/itemb9db.html]
[news.ycombinator.com/hidedc81.html]
[news.ycombinator.com/item74ee.html]
[news.ycombinator.com/itemdb7f.html]
[news.ycombinator.com/userd028.html]
[news.ycombinator.com/hideb544.html]
[news.ycombinator.com/fromf4bf.html]
[news.ycombinator.com/item0ad1.html]
[news.ycombinator.com/hide924a.html]
[news.ycombinator.com/from7093.html]
[news.ycombinator.com/user48a4.html]
[news.ycombinator.com/item7910.html]
[news.ycombinator.com/hide8fe9.html]
[news.ycombinator.com/froma7af.html]
[news.ycombinator.com/userf689.html]
[web.archive.org/web/20160327151958/http_/farbrausch.com/images/blog_9_post_12__x_1.jpg]
[web.archive.org/web/20140815053110/http_/www.farbrausch.com/images/blog_9_post_20__a_1.jpg]
[web.archive.org/web/20140815053104/http_/www.farbrausch.com/images/blog_9_post_26__x_1.jpg]
[web.archive.org/web/20140815053104/http_/www.farbrausch.com/images/blog_9_post_29__x_1.jpg]
[web.archive.org/web/20140815053100/http_/www.farbrausch.com/images/blog_9_post_33__s_1.jpg]
[web.archive.org/web/20140815053058/http_/www.farbrausch.com/images/blog_9_post_34__a_1.jpg]
[web.archive.org/web/20140815053113/http_/www.farbrausch.com/images/blog_9_post_39__x_1.jpg]
[web.archive.org/web/20140815053113/http_/www.farbrausch.com/images/blog_9_post_41__b_1.jpg]
[web.archive.org/web/20140815053113/http_/www.farbrausch.com/images/blog_9_post_42__a_1.jpg]
[news.ycombinator.com/item986e.html]
[news.ycombinator.com/hide0660.html]
[news.ycombinator.com/usered29.html]
[news.ycombinator.com/iteme86b.html]
[news.ycombinator.com/hide84e0.html]
[news.ycombinator.com/itemc30f.html]
[news.ycombinator.com/from8b0a.html]
[news.ycombinator.com/userc136.html]
[news.ycombinator.com/user2e71.html]
[news.ycombinator.com/item8516.html]
[news.ycombinator.com/itema54c.html]
[news.ycombinator.com/hide9757.html]
[news.ycombinator.com/item7aa9.html]
[news.ycombinator.com/user5188.html]
[news.ycombinator.com/hide1171.html]
[news.ycombinator.com/from236a.html]
[news.ycombinator.com/userd716.html]
[news.ycombinator.com/item1338.html]
[news.ycombinator.com/hided259.html]
[news.ycombinator.com/fromb18e.html]
[news.ycombinator.com/user1194.html]
[i.imgur.com/tdr6XTO.png]
[i.imgur.com/IRPOMC5.png]
[i.imgur.com/KFUC0G0.png]
[news.ycombinator.com/item76b1.html]
[news.ycombinator.com/iteme14b.html]
[news.ycombinator.com/hide8786.html]
[news.ycombinator.com/fromc7cd.html]
[news.ycombinator.com/userb943.html]
[news.ycombinator.com/item47a8.html]
[news.ycombinator.com/hide20c3.html]
[news.ycombinator.com/from385f.html]
[news.ycombinator.com/useraee4.html]
[news.ycombinator.com/item976a.html]
[news.ycombinator.com/hide830c.html]
[news.ycombinator.com/from18fc.html]
[news.ycombinator.com/user8ca9.html]
[news.ycombinator.com/item2060.html]
[news.ycombinator.com/hide8ed6.html]
[news.ycombinator.com/fromd550.html]
[news.ycombinator.com/user760d.html]
[news.ycombinator.com/item7df0.html]
[news.ycombinator.com/hidecadc.html]
[news.ycombinator.com/user2e06.html]
[news.ycombinator.com/fromd1ba.html]
[news.ycombinator.com/userb060.html]
[news.ycombinator.com/item878a.html]
[news.ycombinator.com/item9f1a.html]
[news.ycombinator.com/hidea537.html]
[news.ycombinator.com/from1ce0.html]
[news.ycombinator.com/user0ae5.html]
[news.ycombinator.com/item8503.html]
[news.ycombinator.com/item2b62.html]
[news.ycombinator.com/hide30bb.html]
[news.ycombinator.com/fromea5b.html]
[news.ycombinator.com/user327e.html]
[i.imgur.com/9rZgB8c.png]
[i.imgur.com/mn95IrV.png]
[i.imgur.com/GymMOaW.png]
[i.imgur.com/zN3VCDv.png]
[static.toiimg.com/thumb/imgsize-23456,msid-72197131,width-600,resizemode-4/72197131.jpg]
[news.ycombinator.com/itemf3bf.html]
[news.ycombinator.com/hide39b7.html]
[news.ycombinator.com/from813c.html]
[news.ycombinator.com/usera4c3.html]
[news.ycombinator.com/item239b.html]
[news.ycombinator.com/hide6ac3.html]
[news.ycombinator.com/fromdc30.html]
[news.ycombinator.com/usere727.html]
[news.ycombinator.com/item63c0.html]
[news.ycombinator.com/itemab8c.html]
[news.ycombinator.com/hide340c.html]
[news.ycombinator.com/frome6e4.html]
[news.ycombinator.com/user6f70.html]
[news.ycombinator.com/item84b8.html]
[news.ycombinator.com/hidedb29.html]
[news.ycombinator.com/from55cf.html]
[news.ycombinator.com/user6a17.html]
[news.ycombinator.com/item0f0d.html]
[news.ycombinator.com/hidee422.html]
[news.ycombinator.com/from121d.html]
[news.ycombinator.com/userdc21.html]
[news.ycombinator.com/item7ab8.html]
[news.ycombinator.com/hidef630.html]
[news.ycombinator.com/from1701.html]
[news.ycombinator.com/user50f1.html]
[news.ycombinator.com/itemb60f.html]
[news.ycombinator.com/hide94b1.html]
[news.ycombinator.com/from145b.html]
[news.ycombinator.com/usera2fe.html]
[news.ycombinator.com/itemad8b.html]
[news.ycombinator.com/hide6f57.html]
[news.ycombinator.com/fromd2d2.html]
[news.ycombinator.com/user310b.html]
[news.ycombinator.com/item5710.html]
[news.ycombinator.com/hide10ee.html]
[news.ycombinator.com/from4073.html]
[news.ycombinator.com/user0573.html]
[news.ycombinator.com/itemfeef.html]
[news.ycombinator.com/hided058.html]
[news.ycombinator.com/from1487.html]
[news.ycombinator.com/useree45.html]
[news.ycombinator.com/item7112.html]
[news.ycombinator.com/hidef8fa.html]
[news.ycombinator.com/item49e7.html]
[news.ycombinator.com/item450a.html]
[news.ycombinator.com/item39b2.html]
[news.ycombinator.com/iteme22e.html]
[news.ycombinator.com/itemf9c1.html]
[news.ycombinator.com/itemfd74.html]
[news.ycombinator.com/index905b.html]
[news.ycombinator.com/yc.css]
[news.ycombinator.com/index2207.html]
[news.ycombinator.com/yc500.gif]
[news.ycombinator.com/newsguidelines.html]
[news.ycombinator.com/showhn.html]
[news.ycombinator.com/shownew.html]
[news.ycombinator.com/newsfaq.html]
[news.ycombinator.com/lists.html]
[news.ycombinator.com/security.html]
[news.ycombinator.com/news905b.html]
[news.ycombinator.com/logina6c1.html]
[news.ycombinator.com/fromc2c9.html]
[news.ycombinator.com/user8313.html]
[news.ycombinator.com/news2207.html]
[news.ycombinator.com/item0ce2.html]
[news.ycombinator.com/hidebc54.html]
[news.ycombinator.com/from7773.html]
[news.ycombinator.com/user2232.html]
[news.ycombinator.com/itemafe2.html]
[news.ycombinator.com/hidecc01.html]
[news.ycombinator.com/fromc2bd.html]
[news.ycombinator.com/useredec.html]
[news.ycombinator.com/item4e06.html]
[news.ycombinator.com/hideaa00.html]
[news.ycombinator.com/from7754.html]
[news.ycombinator.com/user9444.html]
[news.ycombinator.com/item43f4.html]
[news.ycombinator.com/hide2b2d.html]
[news.ycombinator.com/fromb9db.html]
[news.ycombinator.com/userf579.html]
[news.ycombinator.com/item02e9.html]
[news.ycombinator.com/hide273e.html]
[news.ycombinator.com/from4921.html]
[news.ycombinator.com/userf280.html]
[news.ycombinator.com/item311c.html]
[news.ycombinator.com/hidea0ee.html]
[news.ycombinator.com/from5bac.html]
[news.ycombinator.com/user58fe.html]
[news.ycombinator.com/item34c9.html]
[news.ycombinator.com/hide4db8.html]
[news.ycombinator.com/from89e4.html]
[news.ycombinator.com/user5f3e.html]
[news.ycombinator.com/itemf846.html]
[news.ycombinator.com/hide2e51.html]
[news.ycombinator.com/fromdbc5.html]
[news.ycombinator.com/userd644.html]
[news.ycombinator.com/item0c62.html]
[news.ycombinator.com/hideb274.html]
[news.ycombinator.com/fromb3ca.html]
[news.ycombinator.com/user104e.html]
[news.ycombinator.com/item78d4.html]
[news.ycombinator.com/hide2b3a.html]
[news.ycombinator.com/from7e5f.html]
[news.ycombinator.com/userab19.html]
[news.ycombinator.com/item0081.html]
[news.ycombinator.com/hideee96.html]
[news.ycombinator.com/from8afa.html]
[news.ycombinator.com/userb88f.html]
[news.ycombinator.com/item0250.html]
[news.ycombinator.com/hide4546.html]
[news.ycombinator.com/from46c6.html]
[news.ycombinator.com/user6378.html]
[news.ycombinator.com/item8d06.html]
[news.ycombinator.com/hide1b63.html]
[news.ycombinator.com/from6129.html]
[news.ycombinator.com/user0847.html]
[news.ycombinator.com/item49eb.html]
[news.ycombinator.com/hideb732.html]
[news.ycombinator.com/from0fd8.html]
[news.ycombinator.com/usere5ca.html]
[news.ycombinator.com/item73c0.html]
[news.ycombinator.com/hide21e4.html]
[news.ycombinator.com/frome1a5.html]
[news.ycombinator.com/user1392.html]
[news.ycombinator.com/item2283.html]
[news.ycombinator.com/hide56bd.html]
[news.ycombinator.com/from0a1b.html]
[news.ycombinator.com/user33fd.html]
[news.ycombinator.com/itembfaf.html]
[news.ycombinator.com/hide74a4.html]
[news.ycombinator.com/fromc196.html]
[news.ycombinator.com/user61f3.html]
[news.ycombinator.com/item40b3.html]
[news.ycombinator.com/hide14ca.html]
[news.ycombinator.com/froma53f.html]
[news.ycombinator.com/userd1d7.html]
[news.ycombinator.com/item7bc6.html]
[news.ycombinator.com/hide84ab.html]
[news.ycombinator.com/from2601.html]
[news.ycombinator.com/user0536.html]
[news.ycombinator.com/item2444.html]
[news.ycombinator.com/hide37f3.html]
[news.ycombinator.com/hide4b7c.html]
[news.ycombinator.com/from405c.html]
[news.ycombinator.com/user1b1c.html]
[news.ycombinator.com/item031b.html]
[news.ycombinator.com/hide30ab.html]
[news.ycombinator.com/user6daf.html]
[news.ycombinator.com/item29ea.html]
[news.ycombinator.com/hide04b1.html]
[news.ycombinator.com/from2a9b.html]
[news.ycombinator.com/usera9ee.html]
[news.ycombinator.com/item7c25.html]
[news.ycombinator.com/hide0978.html]
[news.ycombinator.com/fromffec.html]
[news.ycombinator.com/user046e.html]
[news.ycombinator.com/item9956.html]
[news.ycombinator.com/hide0035.html]
[news.ycombinator.com/hide5640.html]
[news.ycombinator.com/from6250.html]
[news.ycombinator.com/iteme313.html]
[news.ycombinator.com/hide0e19.html]
[news.ycombinator.com/fromcbe7.html]
[news.ycombinator.com/user8383.html]
[news.ycombinator.com/iteme9a8.html]
[news.ycombinator.com/hide077b.html]
[news.ycombinator.com/from1db9.html]
[news.ycombinator.com/usere88f.html]
[news.ycombinator.com/itemc22b.html]
[news.ycombinator.com/hidead3e.html]
[news.ycombinator.com/fromd748.html]
[news.ycombinator.com/user37e9.html]
[news.ycombinator.com/itema620.html]
[news.ycombinator.com/hide254d.html]
[news.ycombinator.com/newestd547.html]
[news.ycombinator.com/login1124.html]
[news.ycombinator.com/frontc432.html]
[news.ycombinator.com/itemc418.html]
[news.ycombinator.com/itemb739.html]
[news.ycombinator.com/item42fd.html]
[news.ycombinator.com/item831a.html]
[news.ycombinator.com/itemebee.html]
[news.ycombinator.com/frontde2b.html]
[news.ycombinator.com/front793f.html]
[news.ycombinator.com/front59ab.html]
[news.ycombinator.com/front0dd2.html]
[news.ycombinator.com/hidecb1b.html]
[news.ycombinator.com/hide4b69.html]
[news.ycombinator.com/from71cf.html]
[news.ycombinator.com/userd8a3.html]
[news.ycombinator.com/user41f3.html]
